Copyright 1986-2022 Xilinx, Inc. All Rights Reserved.
----------------------------------------------------------------------------------------------------
| Tool Version : Vivado v.2022.1.2 (lin64) Build 3605665 Fri Aug  5 22:52:02 MDT 2022
| Date         : Thu Sep  7 19:33:39 2023
| Host         : brg-zhang-xcel.ece.cornell.edu running 64-bit CentOS Linux release 7.9.2009 (Core)
| Command      : report_utilization -slr -file slr_util_placed.rpt -pb slr_util_placed.pb
| Design       : level0_wrapper
| Device       : xcu280-fsvh2892-2L-e
| Speed File   : -2L
| Design State : Fully Placed
----------------------------------------------------------------------------------------------------

Utilization Design Information

Table of Contents
-----------------
1. SLR Connectivity
2. SLR Connectivity Matrix
3. SLR CLB Logic and Dedicated Block Utilization
4. SLR IO Utilization

1. SLR Connectivity
-------------------

+----------------------------------+-------+-------+-----------+-------+
|                                  |  Used | Fixed | Available | Util% |
+----------------------------------+-------+-------+-----------+-------+
| SLR2 <-> SLR1                    |  5646 |       |     23040 | 24.51 |
|   SLR1 -> SLR2                   |  2868 |       |           | 12.45 |
|     Using TX_REG only            |     0 |     0 |           |       |
|     Using RX_REG only            |     0 |     0 |           |       |
|     Using Both TX_REG and RX_REG |     0 |     0 |           |       |
|   SLR2 -> SLR1                   |  2778 |       |           | 12.06 |
|     Using TX_REG only            |     0 |     0 |           |       |
|     Using RX_REG only            |     0 |     0 |           |       |
|     Using Both TX_REG and RX_REG |     0 |     0 |           |       |
| SLR1 <-> SLR0                    |  7556 |       |     23040 | 32.80 |
|   SLR0 -> SLR1                   |  3555 |       |           | 15.43 |
|     Using TX_REG only            |     0 |     0 |           |       |
|     Using RX_REG only            |     0 |     0 |           |       |
|     Using Both TX_REG and RX_REG |     0 |     0 |           |       |
|   SLR1 -> SLR0                   |  4001 |       |           | 17.37 |
|     Using TX_REG only            |     0 |     0 |           |       |
|     Using RX_REG only            |     0 |     0 |           |       |
|     Using Both TX_REG and RX_REG |     0 |     0 |           |       |
+----------------------------------+-------+-------+-----------+-------+
| Total SLLs Used                  | 13202 |       |           |       |
+----------------------------------+-------+-------+-----------+-------+


2. SLR Connectivity Matrix
--------------------------

+-----------+------+------+------+
| FROM \ TO | SLR2 | SLR1 | SLR0 |
+-----------+------+------+------+
| SLR2      |    0 | 2601 |  177 |
| SLR1      | 2730 |    0 | 3824 |
| SLR0      |  138 | 3417 |    0 |
+-----------+------+------+------+


3. SLR CLB Logic and Dedicated Block Utilization
------------------------------------------------

+----------------------------+--------+--------+-------+--------+--------+--------+
|          Site Type         |  SLR0  |  SLR1  |  SLR2 | SLR0 % | SLR1 % | SLR2 % |
+----------------------------+--------+--------+-------+--------+--------+--------+
| CLB                        |  27989 |  22859 | 12916 |  50.93 |  42.33 |  23.92 |
|   CLBL                     |  14612 |  12083 |  6825 |  49.90 |  41.27 |  23.31 |
|   CLBM                     |  13377 |  10776 |  6091 |  52.09 |  43.59 |  24.64 |
| CLB LUTs                   | 108784 | 111562 | 52556 |  24.74 |  25.82 |  12.17 |
|   LUT as Logic             |  97328 | 101629 | 48055 |  22.14 |  23.53 |  11.12 |
|     using O5 output only   |   2100 |   2164 |  1089 |   0.48 |   0.50 |   0.25 |
|     using O6 output only   |  72356 |  73845 | 34482 |  16.46 |  17.09 |   7.98 |
|     using O5 and O6        |  22872 |  25620 | 12484 |   5.20 |   5.93 |   2.89 |
|   LUT as Memory            |  11456 |   9933 |  4501 |   5.58 |   5.02 |   2.28 |
|     LUT as Distributed RAM |   3254 |   3706 |   820 |   1.58 |   1.87 |   0.41 |
|       using O5 output only |      0 |      0 |     0 |   0.00 |   0.00 |   0.00 |
|       using O6 output only |   1204 |    386 |     4 |   0.59 |   0.20 |  <0.01 |
|       using O5 and O6      |   2050 |   3320 |   816 |   1.00 |   1.68 |   0.41 |
|     LUT as Shift Register  |   8202 |   6227 |  3681 |   3.99 |   3.15 |   1.86 |
|       using O5 output only |      0 |      0 |     0 |   0.00 |   0.00 |   0.00 |
|       using O6 output only |   5567 |   4421 |  2783 |   2.71 |   2.24 |   1.41 |
|       using O5 and O6      |   2635 |   1806 |   898 |   1.28 |   0.91 |   0.45 |
| CLB Registers              | 154258 | 128231 | 64946 |  17.54 |  14.84 |   7.52 |
| CARRY8                     |   1692 |    680 |   155 |   3.08 |   1.26 |   0.29 |
| F7 Muxes                   |   2396 |   1105 |   437 |   1.09 |   0.51 |   0.20 |
| F8 Muxes                   |    197 |    320 |     0 |   0.18 |   0.30 |   0.00 |
| F9 Muxes                   |      0 |      0 |     0 |   0.00 |   0.00 |   0.00 |
| Block RAM Tile             |  294.5 |    568 |   512 |  43.82 |  84.52 |  76.19 |
|   RAMB36/FIFO              |    260 |    561 |   506 |  38.69 |  83.48 |  75.30 |
|     RAMB36E2 only          |    260 |    561 |   506 |  38.69 |  83.48 |  75.30 |
|   RAMB18                   |     69 |     14 |    12 |   5.13 |   1.04 |   0.89 |
|     RAMB18E2 only          |     69 |     14 |    12 |   5.13 |   1.04 |   0.89 |
| URAM                       |      0 |     12 |     0 |   0.00 |   3.75 |   0.00 |
| DSPs                       |    365 |    293 |   148 |  12.67 |   9.54 |   4.82 |
| Unique Control Sets        |   5488 |   7484 |  3209 |   4.99 |   6.93 |   2.97 |
+----------------------------+--------+--------+-------+--------+--------+--------+
* Note: Available Control Sets based on CLB Registers / 8


4. SLR IO Utilization
---------------------

+-----------+-----------+---------+------------+----------+------------+----------+-----+
| SLR Index | Used IOBs | (%)IOBs | Used IPADs | (%)IPADs | Used OPADs | (%)OPADs | GTs |
+-----------+-----------+---------+------------+----------+------------+----------+-----+
| SLR2      |        15 |    7.21 |          0 |     0.00 |          0 |     0.00 |   0 |
| SLR1      |         0 |    0.00 |          0 |     0.00 |          0 |     0.00 |   0 |
| SLR0      |         1 |    0.48 |          0 |     0.00 |          0 |     0.00 |  16 |
+-----------+-----------+---------+------------+----------+------------+----------+-----+
| Total     |        16 |         |          0 |          |          0 |          |  16 |
+-----------+-----------+---------+------------+----------+------------+----------+-----+


