

================================================================
== Vitis HLS Report for 'Bert_layer_Pipeline_l_bias_i_l_j'
================================================================
* Date:           Mon Sep  4 10:05:06 2023

* Version:        2022.1.2 (Build 3605665 on Fri Aug  5 22:52:02 MDT 2022)
* Project:        out.prj
* Solution:       solution1 (Vivado IP Flow Target)
* Product family: zynq
* Target device:  xc7z020-clg484-1


================================================================
== Performance Estimates
================================================================
+ Timing: 
    * Summary: 
    +--------+----------+----------+------------+
    |  Clock |  Target  | Estimated| Uncertainty|
    +--------+----------+----------+------------+
    |ap_clk  |  10.00 ns|  6.508 ns|     2.70 ns|
    +--------+----------+----------+------------+

+ Latency: 
    * Summary: 
    +---------+---------+-----------+-----------+------+------+---------+
    |  Latency (cycles) |   Latency (absolute)  |   Interval  | Pipeline|
    |   min   |   max   |    min    |    max    |  min |  max |   Type  |
    +---------+---------+-----------+-----------+------+------+---------+
    |     9230|     9230|  92.300 us|  92.300 us|  9230|  9230|       no|
    +---------+---------+-----------+-----------+------+------+---------+

    + Detail: 
        * Instance: 
        N/A

        * Loop: 
        +----------------+---------+---------+----------+-----------+-----------+------+----------+
        |                |  Latency (cycles) | Iteration|  Initiation Interval  | Trip |          |
        |    Loop Name   |   min   |   max   |  Latency |  achieved |   target  | Count| Pipelined|
        +----------------+---------+---------+----------+-----------+-----------+------+----------+
        |- l_bias_i_l_j  |     9228|     9228|        14|          1|          1|  9216|       yes|
        +----------------+---------+---------+----------+-----------+-----------+------+----------+



================================================================
== Utilization Estimates
================================================================
* Summary: 
+-----------------+---------+-----+--------+-------+-----+
|       Name      | BRAM_18K| DSP |   FF   |  LUT  | URAM|
+-----------------+---------+-----+--------+-------+-----+
|DSP              |        -|    1|       -|      -|    -|
|Expression       |        -|    -|       0|     82|    -|
|FIFO             |        -|    -|       -|      -|    -|
|Instance         |        -|    -|     282|    194|    -|
|Memory           |        -|    -|       -|      -|    -|
|Multiplexer      |        -|    -|       -|     72|    -|
|Register         |        -|    -|     197|     64|    -|
+-----------------+---------+-----+--------+-------+-----+
|Total            |        0|    1|     479|    412|    0|
+-----------------+---------+-----+--------+-------+-----+
|Available        |      280|  220|  106400|  53200|    0|
+-----------------+---------+-----+--------+-------+-----+
|Utilization (%)  |        0|   ~0|      ~0|     ~0|    0|
+-----------------+---------+-----+--------+-------+-----+

+ Detail: 
    * Instance: 
    +-------------------------+----------------------+---------+----+-----+-----+-----+
    |         Instance        |        Module        | BRAM_18K| DSP|  FF | LUT | URAM|
    +-------------------------+----------------------+---------+----+-----+-----+-----+
    |urem_10ns_5ns_4_14_1_U1  |urem_10ns_5ns_4_14_1  |        0|   0|  282|  194|    0|
    +-------------------------+----------------------+---------+----+-----+-----+-----+
    |Total                    |                      |        0|   0|  282|  194|    0|
    +-------------------------+----------------------+---------+----+-----+-----+-----+

    * DSP: 
    +-----------------------------+--------------------------+-----------+
    |           Instance          |          Module          | Expression|
    +-----------------------------+--------------------------+-----------+
    |mul_mul_10ns_11ns_21_4_1_U2  |mul_mul_10ns_11ns_21_4_1  |    i0 * i1|
    +-----------------------------+--------------------------+-----------+

    * Memory: 
    N/A

    * FIFO: 
    N/A

    * Expression: 
    +--------------------------+----------+----+---+----+------------+------------+
    |       Variable Name      | Operation| DSP| FF| LUT| Bitwidth P0| Bitwidth P1|
    +--------------------------+----------+----+---+----+------------+------------+
    |add_ln16_2_fu_2281_p2     |         +|   0|  0|  17|          14|           1|
    |add_ln16_fu_2293_p2       |         +|   0|  0|  13|           4|           1|
    |add_ln17_fu_2327_p2       |         +|   0|  0|  13|          10|           1|
    |icmp_ln16_fu_2275_p2      |      icmp|   0|  0|  12|          14|          14|
    |icmp_ln17_fu_2299_p2      |      icmp|   0|  0|  11|          10|          10|
    |select_ln16_1_fu_2313_p3  |    select|   0|  0|   4|           1|           4|
    |select_ln16_fu_2305_p3    |    select|   0|  0|  10|           1|           1|
    |ap_enable_pp0             |       xor|   0|  0|   2|           1|           2|
    +--------------------------+----------+----+---+----+------------+------------+
    |Total                     |          |   0|  0|  82|          55|          34|
    +--------------------------+----------+----+---+----+------------+------------+

    * Multiplexer: 
    +--------------------------------------+----+-----------+-----+-----------+
    |                 Name                 | LUT| Input Size| Bits| Total Bits|
    +--------------------------------------+----+-----------+-----+-----------+
    |ap_done_int                           |   9|          2|    1|          2|
    |ap_enable_reg_pp0_iter1               |   9|          2|    1|          2|
    |ap_sig_allocacmp_i_load               |   9|          2|    4|          8|
    |ap_sig_allocacmp_indvar_flatten_load  |   9|          2|   14|         28|
    |ap_sig_allocacmp_j_load               |   9|          2|   10|         20|
    |i_fu_364                              |   9|          2|    4|          8|
    |indvar_flatten_fu_368                 |   9|          2|   14|         28|
    |j_fu_360                              |   9|          2|   10|         20|
    +--------------------------------------+----+-----------+-----+-----------+
    |Total                                 |  72|         16|   58|        116|
    +--------------------------------------+----+-----------+-----+-----------+

    * Register: 
    +-----------------------------------+----+----+-----+-----------+
    |                Name               | FF | LUT| Bits| Const Bits|
    +-----------------------------------+----+----+-----+-----------+
    |ap_CS_fsm                          |   1|   0|    1|          0|
    |ap_done_reg                        |   1|   0|    1|          0|
    |ap_enable_reg_pp0_iter1            |   1|   0|    1|          0|
    |ap_enable_reg_pp0_iter10           |   1|   0|    1|          0|
    |ap_enable_reg_pp0_iter11           |   1|   0|    1|          0|
    |ap_enable_reg_pp0_iter12           |   1|   0|    1|          0|
    |ap_enable_reg_pp0_iter13           |   1|   0|    1|          0|
    |ap_enable_reg_pp0_iter2            |   1|   0|    1|          0|
    |ap_enable_reg_pp0_iter3            |   1|   0|    1|          0|
    |ap_enable_reg_pp0_iter4            |   1|   0|    1|          0|
    |ap_enable_reg_pp0_iter5            |   1|   0|    1|          0|
    |ap_enable_reg_pp0_iter6            |   1|   0|    1|          0|
    |ap_enable_reg_pp0_iter7            |   1|   0|    1|          0|
    |ap_enable_reg_pp0_iter8            |   1|   0|    1|          0|
    |ap_enable_reg_pp0_iter9            |   1|   0|    1|          0|
    |ap_loop_exit_ready_pp0_iter10_reg  |   1|   0|    1|          0|
    |ap_loop_exit_ready_pp0_iter11_reg  |   1|   0|    1|          0|
    |ap_loop_exit_ready_pp0_iter12_reg  |   1|   0|    1|          0|
    |ap_loop_exit_ready_pp0_iter1_reg   |   1|   0|    1|          0|
    |ap_loop_exit_ready_pp0_iter2_reg   |   1|   0|    1|          0|
    |ap_loop_exit_ready_pp0_iter3_reg   |   1|   0|    1|          0|
    |ap_loop_exit_ready_pp0_iter4_reg   |   1|   0|    1|          0|
    |ap_loop_exit_ready_pp0_iter5_reg   |   1|   0|    1|          0|
    |ap_loop_exit_ready_pp0_iter6_reg   |   1|   0|    1|          0|
    |ap_loop_exit_ready_pp0_iter7_reg   |   1|   0|    1|          0|
    |ap_loop_exit_ready_pp0_iter8_reg   |   1|   0|    1|          0|
    |ap_loop_exit_ready_pp0_iter9_reg   |   1|   0|    1|          0|
    |i_fu_364                           |   4|   0|    4|          0|
    |indvar_flatten_fu_368              |  14|   0|   14|          0|
    |j_fu_360                           |  10|   0|   10|          0|
    |select_ln16_1_reg_2703             |   4|   0|    4|          0|
    |select_ln16_reg_2696               |  10|   0|   10|          0|
    |select_ln16_1_reg_2703             |  64|  32|    4|          0|
    |select_ln16_reg_2696               |  64|  32|   10|          0|
    +-----------------------------------+----+----+-----+-----------+
    |Total                              | 197|  64|   83|          0|
    +-----------------------------------+----+----+-----+-----------+



================================================================
== Interface
================================================================
* Summary: 
+-------------------+-----+-----+------------+----------------------------------+--------------+
|     RTL Ports     | Dir | Bits|  Protocol  |           Source Object          |    C Type    |
+-------------------+-----+-----+------------+----------------------------------+--------------+
|ap_clk             |   in|    1|  ap_ctrl_hs|  Bert_layer_Pipeline_l_bias_i_l_j|  return value|
|ap_rst             |   in|    1|  ap_ctrl_hs|  Bert_layer_Pipeline_l_bias_i_l_j|  return value|
|ap_start           |   in|    1|  ap_ctrl_hs|  Bert_layer_Pipeline_l_bias_i_l_j|  return value|
|ap_done            |  out|    1|  ap_ctrl_hs|  Bert_layer_Pipeline_l_bias_i_l_j|  return value|
|ap_idle            |  out|    1|  ap_ctrl_hs|  Bert_layer_Pipeline_l_bias_i_l_j|  return value|
|ap_ready           |  out|    1|  ap_ctrl_hs|  Bert_layer_Pipeline_l_bias_i_l_j|  return value|
|v211_address0      |  out|   10|   ap_memory|                              v211|         array|
|v211_ce0           |  out|    1|   ap_memory|                              v211|         array|
|v211_q0            |   in|   32|   ap_memory|                              v211|         array|
|v227_address0      |  out|    6|   ap_memory|                              v227|         array|
|v227_ce0           |  out|    1|   ap_memory|                              v227|         array|
|v227_we0           |  out|    1|   ap_memory|                              v227|         array|
|v227_d0            |  out|   32|   ap_memory|                              v227|         array|
|v227_1_address0    |  out|    6|   ap_memory|                            v227_1|         array|
|v227_1_ce0         |  out|    1|   ap_memory|                            v227_1|         array|
|v227_1_we0         |  out|    1|   ap_memory|                            v227_1|         array|
|v227_1_d0          |  out|   32|   ap_memory|                            v227_1|         array|
|v227_2_address0    |  out|    6|   ap_memory|                            v227_2|         array|
|v227_2_ce0         |  out|    1|   ap_memory|                            v227_2|         array|
|v227_2_we0         |  out|    1|   ap_memory|                            v227_2|         array|
|v227_2_d0          |  out|   32|   ap_memory|                            v227_2|         array|
|v227_3_address0    |  out|    6|   ap_memory|                            v227_3|         array|
|v227_3_ce0         |  out|    1|   ap_memory|                            v227_3|         array|
|v227_3_we0         |  out|    1|   ap_memory|                            v227_3|         array|
|v227_3_d0          |  out|   32|   ap_memory|                            v227_3|         array|
|v227_4_address0    |  out|    6|   ap_memory|                            v227_4|         array|
|v227_4_ce0         |  out|    1|   ap_memory|                            v227_4|         array|
|v227_4_we0         |  out|    1|   ap_memory|                            v227_4|         array|
|v227_4_d0          |  out|   32|   ap_memory|                            v227_4|         array|
|v227_5_address0    |  out|    6|   ap_memory|                            v227_5|         array|
|v227_5_ce0         |  out|    1|   ap_memory|                            v227_5|         array|
|v227_5_we0         |  out|    1|   ap_memory|                            v227_5|         array|
|v227_5_d0          |  out|   32|   ap_memory|                            v227_5|         array|
|v227_6_address0    |  out|    6|   ap_memory|                            v227_6|         array|
|v227_6_ce0         |  out|    1|   ap_memory|                            v227_6|         array|
|v227_6_we0         |  out|    1|   ap_memory|                            v227_6|         array|
|v227_6_d0          |  out|   32|   ap_memory|                            v227_6|         array|
|v227_7_address0    |  out|    6|   ap_memory|                            v227_7|         array|
|v227_7_ce0         |  out|    1|   ap_memory|                            v227_7|         array|
|v227_7_we0         |  out|    1|   ap_memory|                            v227_7|         array|
|v227_7_d0          |  out|   32|   ap_memory|                            v227_7|         array|
|v227_8_address0    |  out|    6|   ap_memory|                            v227_8|         array|
|v227_8_ce0         |  out|    1|   ap_memory|                            v227_8|         array|
|v227_8_we0         |  out|    1|   ap_memory|                            v227_8|         array|
|v227_8_d0          |  out|   32|   ap_memory|                            v227_8|         array|
|v227_9_address0    |  out|    6|   ap_memory|                            v227_9|         array|
|v227_9_ce0         |  out|    1|   ap_memory|                            v227_9|         array|
|v227_9_we0         |  out|    1|   ap_memory|                            v227_9|         array|
|v227_9_d0          |  out|   32|   ap_memory|                            v227_9|         array|
|v227_10_address0   |  out|    6|   ap_memory|                           v227_10|         array|
|v227_10_ce0        |  out|    1|   ap_memory|                           v227_10|         array|
|v227_10_we0        |  out|    1|   ap_memory|                           v227_10|         array|
|v227_10_d0         |  out|   32|   ap_memory|                           v227_10|         array|
|v227_11_address0   |  out|    6|   ap_memory|                           v227_11|         array|
|v227_11_ce0        |  out|    1|   ap_memory|                           v227_11|         array|
|v227_11_we0        |  out|    1|   ap_memory|                           v227_11|         array|
|v227_11_d0         |  out|   32|   ap_memory|                           v227_11|         array|
|v227_12_address0   |  out|    6|   ap_memory|                           v227_12|         array|
|v227_12_ce0        |  out|    1|   ap_memory|                           v227_12|         array|
|v227_12_we0        |  out|    1|   ap_memory|                           v227_12|         array|
|v227_12_d0         |  out|   32|   ap_memory|                           v227_12|         array|
|v227_13_address0   |  out|    6|   ap_memory|                           v227_13|         array|
|v227_13_ce0        |  out|    1|   ap_memory|                           v227_13|         array|
|v227_13_we0        |  out|    1|   ap_memory|                           v227_13|         array|
|v227_13_d0         |  out|   32|   ap_memory|                           v227_13|         array|
|v227_14_address0   |  out|    6|   ap_memory|                           v227_14|         array|
|v227_14_ce0        |  out|    1|   ap_memory|                           v227_14|         array|
|v227_14_we0        |  out|    1|   ap_memory|                           v227_14|         array|
|v227_14_d0         |  out|   32|   ap_memory|                           v227_14|         array|
|v227_15_address0   |  out|    6|   ap_memory|                           v227_15|         array|
|v227_15_ce0        |  out|    1|   ap_memory|                           v227_15|         array|
|v227_15_we0        |  out|    1|   ap_memory|                           v227_15|         array|
|v227_15_d0         |  out|   32|   ap_memory|                           v227_15|         array|
|v227_16_address0   |  out|    6|   ap_memory|                           v227_16|         array|
|v227_16_ce0        |  out|    1|   ap_memory|                           v227_16|         array|
|v227_16_we0        |  out|    1|   ap_memory|                           v227_16|         array|
|v227_16_d0         |  out|   32|   ap_memory|                           v227_16|         array|
|v227_17_address0   |  out|    6|   ap_memory|                           v227_17|         array|
|v227_17_ce0        |  out|    1|   ap_memory|                           v227_17|         array|
|v227_17_we0        |  out|    1|   ap_memory|                           v227_17|         array|
|v227_17_d0         |  out|   32|   ap_memory|                           v227_17|         array|
|v227_18_address0   |  out|    6|   ap_memory|                           v227_18|         array|
|v227_18_ce0        |  out|    1|   ap_memory|                           v227_18|         array|
|v227_18_we0        |  out|    1|   ap_memory|                           v227_18|         array|
|v227_18_d0         |  out|   32|   ap_memory|                           v227_18|         array|
|v227_19_address0   |  out|    6|   ap_memory|                           v227_19|         array|
|v227_19_ce0        |  out|    1|   ap_memory|                           v227_19|         array|
|v227_19_we0        |  out|    1|   ap_memory|                           v227_19|         array|
|v227_19_d0         |  out|   32|   ap_memory|                           v227_19|         array|
|v227_20_address0   |  out|    6|   ap_memory|                           v227_20|         array|
|v227_20_ce0        |  out|    1|   ap_memory|                           v227_20|         array|
|v227_20_we0        |  out|    1|   ap_memory|                           v227_20|         array|
|v227_20_d0         |  out|   32|   ap_memory|                           v227_20|         array|
|v227_21_address0   |  out|    6|   ap_memory|                           v227_21|         array|
|v227_21_ce0        |  out|    1|   ap_memory|                           v227_21|         array|
|v227_21_we0        |  out|    1|   ap_memory|                           v227_21|         array|
|v227_21_d0         |  out|   32|   ap_memory|                           v227_21|         array|
|v227_22_address0   |  out|    6|   ap_memory|                           v227_22|         array|
|v227_22_ce0        |  out|    1|   ap_memory|                           v227_22|         array|
|v227_22_we0        |  out|    1|   ap_memory|                           v227_22|         array|
|v227_22_d0         |  out|   32|   ap_memory|                           v227_22|         array|
|v227_23_address0   |  out|    6|   ap_memory|                           v227_23|         array|
|v227_23_ce0        |  out|    1|   ap_memory|                           v227_23|         array|
|v227_23_we0        |  out|    1|   ap_memory|                           v227_23|         array|
|v227_23_d0         |  out|   32|   ap_memory|                           v227_23|         array|
|v227_24_address0   |  out|    6|   ap_memory|                           v227_24|         array|
|v227_24_ce0        |  out|    1|   ap_memory|                           v227_24|         array|
|v227_24_we0        |  out|    1|   ap_memory|                           v227_24|         array|
|v227_24_d0         |  out|   32|   ap_memory|                           v227_24|         array|
|v227_25_address0   |  out|    6|   ap_memory|                           v227_25|         array|
|v227_25_ce0        |  out|    1|   ap_memory|                           v227_25|         array|
|v227_25_we0        |  out|    1|   ap_memory|                           v227_25|         array|
|v227_25_d0         |  out|   32|   ap_memory|                           v227_25|         array|
|v227_26_address0   |  out|    6|   ap_memory|                           v227_26|         array|
|v227_26_ce0        |  out|    1|   ap_memory|                           v227_26|         array|
|v227_26_we0        |  out|    1|   ap_memory|                           v227_26|         array|
|v227_26_d0         |  out|   32|   ap_memory|                           v227_26|         array|
|v227_27_address0   |  out|    6|   ap_memory|                           v227_27|         array|
|v227_27_ce0        |  out|    1|   ap_memory|                           v227_27|         array|
|v227_27_we0        |  out|    1|   ap_memory|                           v227_27|         array|
|v227_27_d0         |  out|   32|   ap_memory|                           v227_27|         array|
|v227_28_address0   |  out|    6|   ap_memory|                           v227_28|         array|
|v227_28_ce0        |  out|    1|   ap_memory|                           v227_28|         array|
|v227_28_we0        |  out|    1|   ap_memory|                           v227_28|         array|
|v227_28_d0         |  out|   32|   ap_memory|                           v227_28|         array|
|v227_29_address0   |  out|    6|   ap_memory|                           v227_29|         array|
|v227_29_ce0        |  out|    1|   ap_memory|                           v227_29|         array|
|v227_29_we0        |  out|    1|   ap_memory|                           v227_29|         array|
|v227_29_d0         |  out|   32|   ap_memory|                           v227_29|         array|
|v227_30_address0   |  out|    6|   ap_memory|                           v227_30|         array|
|v227_30_ce0        |  out|    1|   ap_memory|                           v227_30|         array|
|v227_30_we0        |  out|    1|   ap_memory|                           v227_30|         array|
|v227_30_d0         |  out|   32|   ap_memory|                           v227_30|         array|
|v227_31_address0   |  out|    6|   ap_memory|                           v227_31|         array|
|v227_31_ce0        |  out|    1|   ap_memory|                           v227_31|         array|
|v227_31_we0        |  out|    1|   ap_memory|                           v227_31|         array|
|v227_31_d0         |  out|   32|   ap_memory|                           v227_31|         array|
|v227_32_address0   |  out|    6|   ap_memory|                           v227_32|         array|
|v227_32_ce0        |  out|    1|   ap_memory|                           v227_32|         array|
|v227_32_we0        |  out|    1|   ap_memory|                           v227_32|         array|
|v227_32_d0         |  out|   32|   ap_memory|                           v227_32|         array|
|v227_33_address0   |  out|    6|   ap_memory|                           v227_33|         array|
|v227_33_ce0        |  out|    1|   ap_memory|                           v227_33|         array|
|v227_33_we0        |  out|    1|   ap_memory|                           v227_33|         array|
|v227_33_d0         |  out|   32|   ap_memory|                           v227_33|         array|
|v227_34_address0   |  out|    6|   ap_memory|                           v227_34|         array|
|v227_34_ce0        |  out|    1|   ap_memory|                           v227_34|         array|
|v227_34_we0        |  out|    1|   ap_memory|                           v227_34|         array|
|v227_34_d0         |  out|   32|   ap_memory|                           v227_34|         array|
|v227_35_address0   |  out|    6|   ap_memory|                           v227_35|         array|
|v227_35_ce0        |  out|    1|   ap_memory|                           v227_35|         array|
|v227_35_we0        |  out|    1|   ap_memory|                           v227_35|         array|
|v227_35_d0         |  out|   32|   ap_memory|                           v227_35|         array|
|v227_36_address0   |  out|    6|   ap_memory|                           v227_36|         array|
|v227_36_ce0        |  out|    1|   ap_memory|                           v227_36|         array|
|v227_36_we0        |  out|    1|   ap_memory|                           v227_36|         array|
|v227_36_d0         |  out|   32|   ap_memory|                           v227_36|         array|
|v227_37_address0   |  out|    6|   ap_memory|                           v227_37|         array|
|v227_37_ce0        |  out|    1|   ap_memory|                           v227_37|         array|
|v227_37_we0        |  out|    1|   ap_memory|                           v227_37|         array|
|v227_37_d0         |  out|   32|   ap_memory|                           v227_37|         array|
|v227_38_address0   |  out|    6|   ap_memory|                           v227_38|         array|
|v227_38_ce0        |  out|    1|   ap_memory|                           v227_38|         array|
|v227_38_we0        |  out|    1|   ap_memory|                           v227_38|         array|
|v227_38_d0         |  out|   32|   ap_memory|                           v227_38|         array|
|v227_39_address0   |  out|    6|   ap_memory|                           v227_39|         array|
|v227_39_ce0        |  out|    1|   ap_memory|                           v227_39|         array|
|v227_39_we0        |  out|    1|   ap_memory|                           v227_39|         array|
|v227_39_d0         |  out|   32|   ap_memory|                           v227_39|         array|
|v227_40_address0   |  out|    6|   ap_memory|                           v227_40|         array|
|v227_40_ce0        |  out|    1|   ap_memory|                           v227_40|         array|
|v227_40_we0        |  out|    1|   ap_memory|                           v227_40|         array|
|v227_40_d0         |  out|   32|   ap_memory|                           v227_40|         array|
|v227_41_address0   |  out|    6|   ap_memory|                           v227_41|         array|
|v227_41_ce0        |  out|    1|   ap_memory|                           v227_41|         array|
|v227_41_we0        |  out|    1|   ap_memory|                           v227_41|         array|
|v227_41_d0         |  out|   32|   ap_memory|                           v227_41|         array|
|v227_42_address0   |  out|    6|   ap_memory|                           v227_42|         array|
|v227_42_ce0        |  out|    1|   ap_memory|                           v227_42|         array|
|v227_42_we0        |  out|    1|   ap_memory|                           v227_42|         array|
|v227_42_d0         |  out|   32|   ap_memory|                           v227_42|         array|
|v227_43_address0   |  out|    6|   ap_memory|                           v227_43|         array|
|v227_43_ce0        |  out|    1|   ap_memory|                           v227_43|         array|
|v227_43_we0        |  out|    1|   ap_memory|                           v227_43|         array|
|v227_43_d0         |  out|   32|   ap_memory|                           v227_43|         array|
|v227_44_address0   |  out|    6|   ap_memory|                           v227_44|         array|
|v227_44_ce0        |  out|    1|   ap_memory|                           v227_44|         array|
|v227_44_we0        |  out|    1|   ap_memory|                           v227_44|         array|
|v227_44_d0         |  out|   32|   ap_memory|                           v227_44|         array|
|v227_45_address0   |  out|    6|   ap_memory|                           v227_45|         array|
|v227_45_ce0        |  out|    1|   ap_memory|                           v227_45|         array|
|v227_45_we0        |  out|    1|   ap_memory|                           v227_45|         array|
|v227_45_d0         |  out|   32|   ap_memory|                           v227_45|         array|
|v227_46_address0   |  out|    6|   ap_memory|                           v227_46|         array|
|v227_46_ce0        |  out|    1|   ap_memory|                           v227_46|         array|
|v227_46_we0        |  out|    1|   ap_memory|                           v227_46|         array|
|v227_46_d0         |  out|   32|   ap_memory|                           v227_46|         array|
|v227_47_address0   |  out|    6|   ap_memory|                           v227_47|         array|
|v227_47_ce0        |  out|    1|   ap_memory|                           v227_47|         array|
|v227_47_we0        |  out|    1|   ap_memory|                           v227_47|         array|
|v227_47_d0         |  out|   32|   ap_memory|                           v227_47|         array|
|v227_48_address0   |  out|    6|   ap_memory|                           v227_48|         array|
|v227_48_ce0        |  out|    1|   ap_memory|                           v227_48|         array|
|v227_48_we0        |  out|    1|   ap_memory|                           v227_48|         array|
|v227_48_d0         |  out|   32|   ap_memory|                           v227_48|         array|
|v227_49_address0   |  out|    6|   ap_memory|                           v227_49|         array|
|v227_49_ce0        |  out|    1|   ap_memory|                           v227_49|         array|
|v227_49_we0        |  out|    1|   ap_memory|                           v227_49|         array|
|v227_49_d0         |  out|   32|   ap_memory|                           v227_49|         array|
|v227_50_address0   |  out|    6|   ap_memory|                           v227_50|         array|
|v227_50_ce0        |  out|    1|   ap_memory|                           v227_50|         array|
|v227_50_we0        |  out|    1|   ap_memory|                           v227_50|         array|
|v227_50_d0         |  out|   32|   ap_memory|                           v227_50|         array|
|v227_51_address0   |  out|    6|   ap_memory|                           v227_51|         array|
|v227_51_ce0        |  out|    1|   ap_memory|                           v227_51|         array|
|v227_51_we0        |  out|    1|   ap_memory|                           v227_51|         array|
|v227_51_d0         |  out|   32|   ap_memory|                           v227_51|         array|
|v227_52_address0   |  out|    6|   ap_memory|                           v227_52|         array|
|v227_52_ce0        |  out|    1|   ap_memory|                           v227_52|         array|
|v227_52_we0        |  out|    1|   ap_memory|                           v227_52|         array|
|v227_52_d0         |  out|   32|   ap_memory|                           v227_52|         array|
|v227_53_address0   |  out|    6|   ap_memory|                           v227_53|         array|
|v227_53_ce0        |  out|    1|   ap_memory|                           v227_53|         array|
|v227_53_we0        |  out|    1|   ap_memory|                           v227_53|         array|
|v227_53_d0         |  out|   32|   ap_memory|                           v227_53|         array|
|v227_54_address0   |  out|    6|   ap_memory|                           v227_54|         array|
|v227_54_ce0        |  out|    1|   ap_memory|                           v227_54|         array|
|v227_54_we0        |  out|    1|   ap_memory|                           v227_54|         array|
|v227_54_d0         |  out|   32|   ap_memory|                           v227_54|         array|
|v227_55_address0   |  out|    6|   ap_memory|                           v227_55|         array|
|v227_55_ce0        |  out|    1|   ap_memory|                           v227_55|         array|
|v227_55_we0        |  out|    1|   ap_memory|                           v227_55|         array|
|v227_55_d0         |  out|   32|   ap_memory|                           v227_55|         array|
|v227_56_address0   |  out|    6|   ap_memory|                           v227_56|         array|
|v227_56_ce0        |  out|    1|   ap_memory|                           v227_56|         array|
|v227_56_we0        |  out|    1|   ap_memory|                           v227_56|         array|
|v227_56_d0         |  out|   32|   ap_memory|                           v227_56|         array|
|v227_57_address0   |  out|    6|   ap_memory|                           v227_57|         array|
|v227_57_ce0        |  out|    1|   ap_memory|                           v227_57|         array|
|v227_57_we0        |  out|    1|   ap_memory|                           v227_57|         array|
|v227_57_d0         |  out|   32|   ap_memory|                           v227_57|         array|
|v227_58_address0   |  out|    6|   ap_memory|                           v227_58|         array|
|v227_58_ce0        |  out|    1|   ap_memory|                           v227_58|         array|
|v227_58_we0        |  out|    1|   ap_memory|                           v227_58|         array|
|v227_58_d0         |  out|   32|   ap_memory|                           v227_58|         array|
|v227_59_address0   |  out|    6|   ap_memory|                           v227_59|         array|
|v227_59_ce0        |  out|    1|   ap_memory|                           v227_59|         array|
|v227_59_we0        |  out|    1|   ap_memory|                           v227_59|         array|
|v227_59_d0         |  out|   32|   ap_memory|                           v227_59|         array|
|v227_60_address0   |  out|    6|   ap_memory|                           v227_60|         array|
|v227_60_ce0        |  out|    1|   ap_memory|                           v227_60|         array|
|v227_60_we0        |  out|    1|   ap_memory|                           v227_60|         array|
|v227_60_d0         |  out|   32|   ap_memory|                           v227_60|         array|
|v227_61_address0   |  out|    6|   ap_memory|                           v227_61|         array|
|v227_61_ce0        |  out|    1|   ap_memory|                           v227_61|         array|
|v227_61_we0        |  out|    1|   ap_memory|                           v227_61|         array|
|v227_61_d0         |  out|   32|   ap_memory|                           v227_61|         array|
|v227_62_address0   |  out|    6|   ap_memory|                           v227_62|         array|
|v227_62_ce0        |  out|    1|   ap_memory|                           v227_62|         array|
|v227_62_we0        |  out|    1|   ap_memory|                           v227_62|         array|
|v227_62_d0         |  out|   32|   ap_memory|                           v227_62|         array|
|v227_63_address0   |  out|    6|   ap_memory|                           v227_63|         array|
|v227_63_ce0        |  out|    1|   ap_memory|                           v227_63|         array|
|v227_63_we0        |  out|    1|   ap_memory|                           v227_63|         array|
|v227_63_d0         |  out|   32|   ap_memory|                           v227_63|         array|
|v227_64_address0   |  out|    6|   ap_memory|                           v227_64|         array|
|v227_64_ce0        |  out|    1|   ap_memory|                           v227_64|         array|
|v227_64_we0        |  out|    1|   ap_memory|                           v227_64|         array|
|v227_64_d0         |  out|   32|   ap_memory|                           v227_64|         array|
|v227_65_address0   |  out|    6|   ap_memory|                           v227_65|         array|
|v227_65_ce0        |  out|    1|   ap_memory|                           v227_65|         array|
|v227_65_we0        |  out|    1|   ap_memory|                           v227_65|         array|
|v227_65_d0         |  out|   32|   ap_memory|                           v227_65|         array|
|v227_66_address0   |  out|    6|   ap_memory|                           v227_66|         array|
|v227_66_ce0        |  out|    1|   ap_memory|                           v227_66|         array|
|v227_66_we0        |  out|    1|   ap_memory|                           v227_66|         array|
|v227_66_d0         |  out|   32|   ap_memory|                           v227_66|         array|
|v227_67_address0   |  out|    6|   ap_memory|                           v227_67|         array|
|v227_67_ce0        |  out|    1|   ap_memory|                           v227_67|         array|
|v227_67_we0        |  out|    1|   ap_memory|                           v227_67|         array|
|v227_67_d0         |  out|   32|   ap_memory|                           v227_67|         array|
|v227_68_address0   |  out|    6|   ap_memory|                           v227_68|         array|
|v227_68_ce0        |  out|    1|   ap_memory|                           v227_68|         array|
|v227_68_we0        |  out|    1|   ap_memory|                           v227_68|         array|
|v227_68_d0         |  out|   32|   ap_memory|                           v227_68|         array|
|v227_69_address0   |  out|    6|   ap_memory|                           v227_69|         array|
|v227_69_ce0        |  out|    1|   ap_memory|                           v227_69|         array|
|v227_69_we0        |  out|    1|   ap_memory|                           v227_69|         array|
|v227_69_d0         |  out|   32|   ap_memory|                           v227_69|         array|
|v227_70_address0   |  out|    6|   ap_memory|                           v227_70|         array|
|v227_70_ce0        |  out|    1|   ap_memory|                           v227_70|         array|
|v227_70_we0        |  out|    1|   ap_memory|                           v227_70|         array|
|v227_70_d0         |  out|   32|   ap_memory|                           v227_70|         array|
|v227_71_address0   |  out|    6|   ap_memory|                           v227_71|         array|
|v227_71_ce0        |  out|    1|   ap_memory|                           v227_71|         array|
|v227_71_we0        |  out|    1|   ap_memory|                           v227_71|         array|
|v227_71_d0         |  out|   32|   ap_memory|                           v227_71|         array|
|v227_72_address0   |  out|    6|   ap_memory|                           v227_72|         array|
|v227_72_ce0        |  out|    1|   ap_memory|                           v227_72|         array|
|v227_72_we0        |  out|    1|   ap_memory|                           v227_72|         array|
|v227_72_d0         |  out|   32|   ap_memory|                           v227_72|         array|
|v227_73_address0   |  out|    6|   ap_memory|                           v227_73|         array|
|v227_73_ce0        |  out|    1|   ap_memory|                           v227_73|         array|
|v227_73_we0        |  out|    1|   ap_memory|                           v227_73|         array|
|v227_73_d0         |  out|   32|   ap_memory|                           v227_73|         array|
|v227_74_address0   |  out|    6|   ap_memory|                           v227_74|         array|
|v227_74_ce0        |  out|    1|   ap_memory|                           v227_74|         array|
|v227_74_we0        |  out|    1|   ap_memory|                           v227_74|         array|
|v227_74_d0         |  out|   32|   ap_memory|                           v227_74|         array|
|v227_75_address0   |  out|    6|   ap_memory|                           v227_75|         array|
|v227_75_ce0        |  out|    1|   ap_memory|                           v227_75|         array|
|v227_75_we0        |  out|    1|   ap_memory|                           v227_75|         array|
|v227_75_d0         |  out|   32|   ap_memory|                           v227_75|         array|
|v227_76_address0   |  out|    6|   ap_memory|                           v227_76|         array|
|v227_76_ce0        |  out|    1|   ap_memory|                           v227_76|         array|
|v227_76_we0        |  out|    1|   ap_memory|                           v227_76|         array|
|v227_76_d0         |  out|   32|   ap_memory|                           v227_76|         array|
|v227_77_address0   |  out|    6|   ap_memory|                           v227_77|         array|
|v227_77_ce0        |  out|    1|   ap_memory|                           v227_77|         array|
|v227_77_we0        |  out|    1|   ap_memory|                           v227_77|         array|
|v227_77_d0         |  out|   32|   ap_memory|                           v227_77|         array|
|v227_78_address0   |  out|    6|   ap_memory|                           v227_78|         array|
|v227_78_ce0        |  out|    1|   ap_memory|                           v227_78|         array|
|v227_78_we0        |  out|    1|   ap_memory|                           v227_78|         array|
|v227_78_d0         |  out|   32|   ap_memory|                           v227_78|         array|
|v227_79_address0   |  out|    6|   ap_memory|                           v227_79|         array|
|v227_79_ce0        |  out|    1|   ap_memory|                           v227_79|         array|
|v227_79_we0        |  out|    1|   ap_memory|                           v227_79|         array|
|v227_79_d0         |  out|   32|   ap_memory|                           v227_79|         array|
|v227_80_address0   |  out|    6|   ap_memory|                           v227_80|         array|
|v227_80_ce0        |  out|    1|   ap_memory|                           v227_80|         array|
|v227_80_we0        |  out|    1|   ap_memory|                           v227_80|         array|
|v227_80_d0         |  out|   32|   ap_memory|                           v227_80|         array|
|v227_81_address0   |  out|    6|   ap_memory|                           v227_81|         array|
|v227_81_ce0        |  out|    1|   ap_memory|                           v227_81|         array|
|v227_81_we0        |  out|    1|   ap_memory|                           v227_81|         array|
|v227_81_d0         |  out|   32|   ap_memory|                           v227_81|         array|
|v227_82_address0   |  out|    6|   ap_memory|                           v227_82|         array|
|v227_82_ce0        |  out|    1|   ap_memory|                           v227_82|         array|
|v227_82_we0        |  out|    1|   ap_memory|                           v227_82|         array|
|v227_82_d0         |  out|   32|   ap_memory|                           v227_82|         array|
|v227_83_address0   |  out|    6|   ap_memory|                           v227_83|         array|
|v227_83_ce0        |  out|    1|   ap_memory|                           v227_83|         array|
|v227_83_we0        |  out|    1|   ap_memory|                           v227_83|         array|
|v227_83_d0         |  out|   32|   ap_memory|                           v227_83|         array|
|v227_84_address0   |  out|    6|   ap_memory|                           v227_84|         array|
|v227_84_ce0        |  out|    1|   ap_memory|                           v227_84|         array|
|v227_84_we0        |  out|    1|   ap_memory|                           v227_84|         array|
|v227_84_d0         |  out|   32|   ap_memory|                           v227_84|         array|
|v227_85_address0   |  out|    6|   ap_memory|                           v227_85|         array|
|v227_85_ce0        |  out|    1|   ap_memory|                           v227_85|         array|
|v227_85_we0        |  out|    1|   ap_memory|                           v227_85|         array|
|v227_85_d0         |  out|   32|   ap_memory|                           v227_85|         array|
|v227_86_address0   |  out|    6|   ap_memory|                           v227_86|         array|
|v227_86_ce0        |  out|    1|   ap_memory|                           v227_86|         array|
|v227_86_we0        |  out|    1|   ap_memory|                           v227_86|         array|
|v227_86_d0         |  out|   32|   ap_memory|                           v227_86|         array|
|v227_87_address0   |  out|    6|   ap_memory|                           v227_87|         array|
|v227_87_ce0        |  out|    1|   ap_memory|                           v227_87|         array|
|v227_87_we0        |  out|    1|   ap_memory|                           v227_87|         array|
|v227_87_d0         |  out|   32|   ap_memory|                           v227_87|         array|
|v227_88_address0   |  out|    6|   ap_memory|                           v227_88|         array|
|v227_88_ce0        |  out|    1|   ap_memory|                           v227_88|         array|
|v227_88_we0        |  out|    1|   ap_memory|                           v227_88|         array|
|v227_88_d0         |  out|   32|   ap_memory|                           v227_88|         array|
|v227_89_address0   |  out|    6|   ap_memory|                           v227_89|         array|
|v227_89_ce0        |  out|    1|   ap_memory|                           v227_89|         array|
|v227_89_we0        |  out|    1|   ap_memory|                           v227_89|         array|
|v227_89_d0         |  out|   32|   ap_memory|                           v227_89|         array|
|v227_90_address0   |  out|    6|   ap_memory|                           v227_90|         array|
|v227_90_ce0        |  out|    1|   ap_memory|                           v227_90|         array|
|v227_90_we0        |  out|    1|   ap_memory|                           v227_90|         array|
|v227_90_d0         |  out|   32|   ap_memory|                           v227_90|         array|
|v227_91_address0   |  out|    6|   ap_memory|                           v227_91|         array|
|v227_91_ce0        |  out|    1|   ap_memory|                           v227_91|         array|
|v227_91_we0        |  out|    1|   ap_memory|                           v227_91|         array|
|v227_91_d0         |  out|   32|   ap_memory|                           v227_91|         array|
|v227_92_address0   |  out|    6|   ap_memory|                           v227_92|         array|
|v227_92_ce0        |  out|    1|   ap_memory|                           v227_92|         array|
|v227_92_we0        |  out|    1|   ap_memory|                           v227_92|         array|
|v227_92_d0         |  out|   32|   ap_memory|                           v227_92|         array|
|v227_93_address0   |  out|    6|   ap_memory|                           v227_93|         array|
|v227_93_ce0        |  out|    1|   ap_memory|                           v227_93|         array|
|v227_93_we0        |  out|    1|   ap_memory|                           v227_93|         array|
|v227_93_d0         |  out|   32|   ap_memory|                           v227_93|         array|
|v227_94_address0   |  out|    6|   ap_memory|                           v227_94|         array|
|v227_94_ce0        |  out|    1|   ap_memory|                           v227_94|         array|
|v227_94_we0        |  out|    1|   ap_memory|                           v227_94|         array|
|v227_94_d0         |  out|   32|   ap_memory|                           v227_94|         array|
|v227_95_address0   |  out|    6|   ap_memory|                           v227_95|         array|
|v227_95_ce0        |  out|    1|   ap_memory|                           v227_95|         array|
|v227_95_we0        |  out|    1|   ap_memory|                           v227_95|         array|
|v227_95_d0         |  out|   32|   ap_memory|                           v227_95|         array|
|v227_96_address0   |  out|    6|   ap_memory|                           v227_96|         array|
|v227_96_ce0        |  out|    1|   ap_memory|                           v227_96|         array|
|v227_96_we0        |  out|    1|   ap_memory|                           v227_96|         array|
|v227_96_d0         |  out|   32|   ap_memory|                           v227_96|         array|
|v227_97_address0   |  out|    6|   ap_memory|                           v227_97|         array|
|v227_97_ce0        |  out|    1|   ap_memory|                           v227_97|         array|
|v227_97_we0        |  out|    1|   ap_memory|                           v227_97|         array|
|v227_97_d0         |  out|   32|   ap_memory|                           v227_97|         array|
|v227_98_address0   |  out|    6|   ap_memory|                           v227_98|         array|
|v227_98_ce0        |  out|    1|   ap_memory|                           v227_98|         array|
|v227_98_we0        |  out|    1|   ap_memory|                           v227_98|         array|
|v227_98_d0         |  out|   32|   ap_memory|                           v227_98|         array|
|v227_99_address0   |  out|    6|   ap_memory|                           v227_99|         array|
|v227_99_ce0        |  out|    1|   ap_memory|                           v227_99|         array|
|v227_99_we0        |  out|    1|   ap_memory|                           v227_99|         array|
|v227_99_d0         |  out|   32|   ap_memory|                           v227_99|         array|
|v227_100_address0  |  out|    6|   ap_memory|                          v227_100|         array|
|v227_100_ce0       |  out|    1|   ap_memory|                          v227_100|         array|
|v227_100_we0       |  out|    1|   ap_memory|                          v227_100|         array|
|v227_100_d0        |  out|   32|   ap_memory|                          v227_100|         array|
|v227_101_address0  |  out|    6|   ap_memory|                          v227_101|         array|
|v227_101_ce0       |  out|    1|   ap_memory|                          v227_101|         array|
|v227_101_we0       |  out|    1|   ap_memory|                          v227_101|         array|
|v227_101_d0        |  out|   32|   ap_memory|                          v227_101|         array|
|v227_102_address0  |  out|    6|   ap_memory|                          v227_102|         array|
|v227_102_ce0       |  out|    1|   ap_memory|                          v227_102|         array|
|v227_102_we0       |  out|    1|   ap_memory|                          v227_102|         array|
|v227_102_d0        |  out|   32|   ap_memory|                          v227_102|         array|
|v227_103_address0  |  out|    6|   ap_memory|                          v227_103|         array|
|v227_103_ce0       |  out|    1|   ap_memory|                          v227_103|         array|
|v227_103_we0       |  out|    1|   ap_memory|                          v227_103|         array|
|v227_103_d0        |  out|   32|   ap_memory|                          v227_103|         array|
|v227_104_address0  |  out|    6|   ap_memory|                          v227_104|         array|
|v227_104_ce0       |  out|    1|   ap_memory|                          v227_104|         array|
|v227_104_we0       |  out|    1|   ap_memory|                          v227_104|         array|
|v227_104_d0        |  out|   32|   ap_memory|                          v227_104|         array|
|v227_105_address0  |  out|    6|   ap_memory|                          v227_105|         array|
|v227_105_ce0       |  out|    1|   ap_memory|                          v227_105|         array|
|v227_105_we0       |  out|    1|   ap_memory|                          v227_105|         array|
|v227_105_d0        |  out|   32|   ap_memory|                          v227_105|         array|
|v227_106_address0  |  out|    6|   ap_memory|                          v227_106|         array|
|v227_106_ce0       |  out|    1|   ap_memory|                          v227_106|         array|
|v227_106_we0       |  out|    1|   ap_memory|                          v227_106|         array|
|v227_106_d0        |  out|   32|   ap_memory|                          v227_106|         array|
|v227_107_address0  |  out|    6|   ap_memory|                          v227_107|         array|
|v227_107_ce0       |  out|    1|   ap_memory|                          v227_107|         array|
|v227_107_we0       |  out|    1|   ap_memory|                          v227_107|         array|
|v227_107_d0        |  out|   32|   ap_memory|                          v227_107|         array|
|v227_108_address0  |  out|    6|   ap_memory|                          v227_108|         array|
|v227_108_ce0       |  out|    1|   ap_memory|                          v227_108|         array|
|v227_108_we0       |  out|    1|   ap_memory|                          v227_108|         array|
|v227_108_d0        |  out|   32|   ap_memory|                          v227_108|         array|
|v227_109_address0  |  out|    6|   ap_memory|                          v227_109|         array|
|v227_109_ce0       |  out|    1|   ap_memory|                          v227_109|         array|
|v227_109_we0       |  out|    1|   ap_memory|                          v227_109|         array|
|v227_109_d0        |  out|   32|   ap_memory|                          v227_109|         array|
|v227_110_address0  |  out|    6|   ap_memory|                          v227_110|         array|
|v227_110_ce0       |  out|    1|   ap_memory|                          v227_110|         array|
|v227_110_we0       |  out|    1|   ap_memory|                          v227_110|         array|
|v227_110_d0        |  out|   32|   ap_memory|                          v227_110|         array|
|v227_111_address0  |  out|    6|   ap_memory|                          v227_111|         array|
|v227_111_ce0       |  out|    1|   ap_memory|                          v227_111|         array|
|v227_111_we0       |  out|    1|   ap_memory|                          v227_111|         array|
|v227_111_d0        |  out|   32|   ap_memory|                          v227_111|         array|
|v227_112_address0  |  out|    6|   ap_memory|                          v227_112|         array|
|v227_112_ce0       |  out|    1|   ap_memory|                          v227_112|         array|
|v227_112_we0       |  out|    1|   ap_memory|                          v227_112|         array|
|v227_112_d0        |  out|   32|   ap_memory|                          v227_112|         array|
|v227_113_address0  |  out|    6|   ap_memory|                          v227_113|         array|
|v227_113_ce0       |  out|    1|   ap_memory|                          v227_113|         array|
|v227_113_we0       |  out|    1|   ap_memory|                          v227_113|         array|
|v227_113_d0        |  out|   32|   ap_memory|                          v227_113|         array|
|v227_114_address0  |  out|    6|   ap_memory|                          v227_114|         array|
|v227_114_ce0       |  out|    1|   ap_memory|                          v227_114|         array|
|v227_114_we0       |  out|    1|   ap_memory|                          v227_114|         array|
|v227_114_d0        |  out|   32|   ap_memory|                          v227_114|         array|
|v227_115_address0  |  out|    6|   ap_memory|                          v227_115|         array|
|v227_115_ce0       |  out|    1|   ap_memory|                          v227_115|         array|
|v227_115_we0       |  out|    1|   ap_memory|                          v227_115|         array|
|v227_115_d0        |  out|   32|   ap_memory|                          v227_115|         array|
|v227_116_address0  |  out|    6|   ap_memory|                          v227_116|         array|
|v227_116_ce0       |  out|    1|   ap_memory|                          v227_116|         array|
|v227_116_we0       |  out|    1|   ap_memory|                          v227_116|         array|
|v227_116_d0        |  out|   32|   ap_memory|                          v227_116|         array|
|v227_117_address0  |  out|    6|   ap_memory|                          v227_117|         array|
|v227_117_ce0       |  out|    1|   ap_memory|                          v227_117|         array|
|v227_117_we0       |  out|    1|   ap_memory|                          v227_117|         array|
|v227_117_d0        |  out|   32|   ap_memory|                          v227_117|         array|
|v227_118_address0  |  out|    6|   ap_memory|                          v227_118|         array|
|v227_118_ce0       |  out|    1|   ap_memory|                          v227_118|         array|
|v227_118_we0       |  out|    1|   ap_memory|                          v227_118|         array|
|v227_118_d0        |  out|   32|   ap_memory|                          v227_118|         array|
|v227_119_address0  |  out|    6|   ap_memory|                          v227_119|         array|
|v227_119_ce0       |  out|    1|   ap_memory|                          v227_119|         array|
|v227_119_we0       |  out|    1|   ap_memory|                          v227_119|         array|
|v227_119_d0        |  out|   32|   ap_memory|                          v227_119|         array|
|v227_120_address0  |  out|    6|   ap_memory|                          v227_120|         array|
|v227_120_ce0       |  out|    1|   ap_memory|                          v227_120|         array|
|v227_120_we0       |  out|    1|   ap_memory|                          v227_120|         array|
|v227_120_d0        |  out|   32|   ap_memory|                          v227_120|         array|
|v227_121_address0  |  out|    6|   ap_memory|                          v227_121|         array|
|v227_121_ce0       |  out|    1|   ap_memory|                          v227_121|         array|
|v227_121_we0       |  out|    1|   ap_memory|                          v227_121|         array|
|v227_121_d0        |  out|   32|   ap_memory|                          v227_121|         array|
|v227_122_address0  |  out|    6|   ap_memory|                          v227_122|         array|
|v227_122_ce0       |  out|    1|   ap_memory|                          v227_122|         array|
|v227_122_we0       |  out|    1|   ap_memory|                          v227_122|         array|
|v227_122_d0        |  out|   32|   ap_memory|                          v227_122|         array|
|v227_123_address0  |  out|    6|   ap_memory|                          v227_123|         array|
|v227_123_ce0       |  out|    1|   ap_memory|                          v227_123|         array|
|v227_123_we0       |  out|    1|   ap_memory|                          v227_123|         array|
|v227_123_d0        |  out|   32|   ap_memory|                          v227_123|         array|
|v227_124_address0  |  out|    6|   ap_memory|                          v227_124|         array|
|v227_124_ce0       |  out|    1|   ap_memory|                          v227_124|         array|
|v227_124_we0       |  out|    1|   ap_memory|                          v227_124|         array|
|v227_124_d0        |  out|   32|   ap_memory|                          v227_124|         array|
|v227_125_address0  |  out|    6|   ap_memory|                          v227_125|         array|
|v227_125_ce0       |  out|    1|   ap_memory|                          v227_125|         array|
|v227_125_we0       |  out|    1|   ap_memory|                          v227_125|         array|
|v227_125_d0        |  out|   32|   ap_memory|                          v227_125|         array|
|v227_126_address0  |  out|    6|   ap_memory|                          v227_126|         array|
|v227_126_ce0       |  out|    1|   ap_memory|                          v227_126|         array|
|v227_126_we0       |  out|    1|   ap_memory|                          v227_126|         array|
|v227_126_d0        |  out|   32|   ap_memory|                          v227_126|         array|
|v227_127_address0  |  out|    6|   ap_memory|                          v227_127|         array|
|v227_127_ce0       |  out|    1|   ap_memory|                          v227_127|         array|
|v227_127_we0       |  out|    1|   ap_memory|                          v227_127|         array|
|v227_127_d0        |  out|   32|   ap_memory|                          v227_127|         array|
|v227_128_address0  |  out|    6|   ap_memory|                          v227_128|         array|
|v227_128_ce0       |  out|    1|   ap_memory|                          v227_128|         array|
|v227_128_we0       |  out|    1|   ap_memory|                          v227_128|         array|
|v227_128_d0        |  out|   32|   ap_memory|                          v227_128|         array|
|v227_129_address0  |  out|    6|   ap_memory|                          v227_129|         array|
|v227_129_ce0       |  out|    1|   ap_memory|                          v227_129|         array|
|v227_129_we0       |  out|    1|   ap_memory|                          v227_129|         array|
|v227_129_d0        |  out|   32|   ap_memory|                          v227_129|         array|
|v227_130_address0  |  out|    6|   ap_memory|                          v227_130|         array|
|v227_130_ce0       |  out|    1|   ap_memory|                          v227_130|         array|
|v227_130_we0       |  out|    1|   ap_memory|                          v227_130|         array|
|v227_130_d0        |  out|   32|   ap_memory|                          v227_130|         array|
|v227_131_address0  |  out|    6|   ap_memory|                          v227_131|         array|
|v227_131_ce0       |  out|    1|   ap_memory|                          v227_131|         array|
|v227_131_we0       |  out|    1|   ap_memory|                          v227_131|         array|
|v227_131_d0        |  out|   32|   ap_memory|                          v227_131|         array|
|v227_132_address0  |  out|    6|   ap_memory|                          v227_132|         array|
|v227_132_ce0       |  out|    1|   ap_memory|                          v227_132|         array|
|v227_132_we0       |  out|    1|   ap_memory|                          v227_132|         array|
|v227_132_d0        |  out|   32|   ap_memory|                          v227_132|         array|
|v227_133_address0  |  out|    6|   ap_memory|                          v227_133|         array|
|v227_133_ce0       |  out|    1|   ap_memory|                          v227_133|         array|
|v227_133_we0       |  out|    1|   ap_memory|                          v227_133|         array|
|v227_133_d0        |  out|   32|   ap_memory|                          v227_133|         array|
|v227_134_address0  |  out|    6|   ap_memory|                          v227_134|         array|
|v227_134_ce0       |  out|    1|   ap_memory|                          v227_134|         array|
|v227_134_we0       |  out|    1|   ap_memory|                          v227_134|         array|
|v227_134_d0        |  out|   32|   ap_memory|                          v227_134|         array|
|v227_135_address0  |  out|    6|   ap_memory|                          v227_135|         array|
|v227_135_ce0       |  out|    1|   ap_memory|                          v227_135|         array|
|v227_135_we0       |  out|    1|   ap_memory|                          v227_135|         array|
|v227_135_d0        |  out|   32|   ap_memory|                          v227_135|         array|
|v227_136_address0  |  out|    6|   ap_memory|                          v227_136|         array|
|v227_136_ce0       |  out|    1|   ap_memory|                          v227_136|         array|
|v227_136_we0       |  out|    1|   ap_memory|                          v227_136|         array|
|v227_136_d0        |  out|   32|   ap_memory|                          v227_136|         array|
|v227_137_address0  |  out|    6|   ap_memory|                          v227_137|         array|
|v227_137_ce0       |  out|    1|   ap_memory|                          v227_137|         array|
|v227_137_we0       |  out|    1|   ap_memory|                          v227_137|         array|
|v227_137_d0        |  out|   32|   ap_memory|                          v227_137|         array|
|v227_138_address0  |  out|    6|   ap_memory|                          v227_138|         array|
|v227_138_ce0       |  out|    1|   ap_memory|                          v227_138|         array|
|v227_138_we0       |  out|    1|   ap_memory|                          v227_138|         array|
|v227_138_d0        |  out|   32|   ap_memory|                          v227_138|         array|
|v227_139_address0  |  out|    6|   ap_memory|                          v227_139|         array|
|v227_139_ce0       |  out|    1|   ap_memory|                          v227_139|         array|
|v227_139_we0       |  out|    1|   ap_memory|                          v227_139|         array|
|v227_139_d0        |  out|   32|   ap_memory|                          v227_139|         array|
|v227_140_address0  |  out|    6|   ap_memory|                          v227_140|         array|
|v227_140_ce0       |  out|    1|   ap_memory|                          v227_140|         array|
|v227_140_we0       |  out|    1|   ap_memory|                          v227_140|         array|
|v227_140_d0        |  out|   32|   ap_memory|                          v227_140|         array|
|v227_141_address0  |  out|    6|   ap_memory|                          v227_141|         array|
|v227_141_ce0       |  out|    1|   ap_memory|                          v227_141|         array|
|v227_141_we0       |  out|    1|   ap_memory|                          v227_141|         array|
|v227_141_d0        |  out|   32|   ap_memory|                          v227_141|         array|
|v227_142_address0  |  out|    6|   ap_memory|                          v227_142|         array|
|v227_142_ce0       |  out|    1|   ap_memory|                          v227_142|         array|
|v227_142_we0       |  out|    1|   ap_memory|                          v227_142|         array|
|v227_142_d0        |  out|   32|   ap_memory|                          v227_142|         array|
|v227_143_address0  |  out|    6|   ap_memory|                          v227_143|         array|
|v227_143_ce0       |  out|    1|   ap_memory|                          v227_143|         array|
|v227_143_we0       |  out|    1|   ap_memory|                          v227_143|         array|
|v227_143_d0        |  out|   32|   ap_memory|                          v227_143|         array|
+-------------------+-----+-----+------------+----------------------------------+--------------+

